Feb                                 
┌────┬────┬────┬────┬────┬────┬────┐
│ Sun│ Mon│Tues│ Wed│Thur│ Fri│ Sat│
├────┼────┼────┼────┼────┼────┼────┤
│    │    │ 01 │ 02 │ 03 │ 04 │ 05 │
├────┼────┼────┼────┼────┼────┼────┤
│ 06 │ 07 │ 08 │ 09 │ 10 │ 11 │ 12 │
├────┼────┼────┼────┼────┼────┼────┤
│ 13 │ 14 │ 15 │ 16 │ 17 │ 18 │ 19 │
├────┼────┼────┼────┼────┼────┼────┤
│ 20 │ 21 │ 22 │ 23 │ 24 │ 25 │ 26 │
├────┼────┼────┼────┼────┼────┼────┤
│ 27 │ 28 │ 29 │    │    │    │    │
├────┼────┼────┼────┼────┼────┼────┤
│    │    │    │    │    │    │    │
└────┴────┴────┴────┴────┴────┴────┘
751175 Sca 8
751052 Feb 1
Sca                                 
┌────┬────┬────┬────┬────┬────┬────┐
│ Sun│ Mon│Tues│ Wed│Thur│ Fri│ Sat│
├────┼────┼────┼────┼────┼────┼────┤
│    │    │ 01 │ 02 │ 03 │ 04 │ 05 │
├────┼────┼────┼────┼────┼────┼────┤
│ 06 │ 07 │ 08 │ 09 │ 0A │ 0B │ 0C │
├────┼────┼────┼────┼────┼────┼────┤
│ 0D │ 0E │ 0F │ 10 │ 11 │ 12 │ 13 │
├────┼────┼────┼────┼────┼────┼────┤
│ 14 │ 15 │ 16 │ 17 │ 18 │ 19 │ 1A │
├────┼────┼────┼────┼────┼────┼────┤
│ 1B │ 1C │ 1D │ 1E │ 1F │ 20 │ 21 │
├────┼────┼────┼────┼────┼────┼────┤
│ 22 │ 23 │ 24 │ 25 │ 26 │ 27 │    │
├────┼────┼────┼────┼────┼────┼────┤
│    │    │    │    │    │    │    │
└────┴────┴────┴────┴────┴────┴────┘
Feb                                 
┌────┬────┬────┬────┬────┬────┬────┐
│ Sun│ Mon│Tues│ Wed│Thur│ Fri│ Sat│
├────┼────┼────┼────┼────┼────┼────┤
│    │    │ 01 │ 02 │ 03 │ 04 │ 05 │
├────┼────┼────┼────┼────┼────┼────┤
│ 06 │ 07 │ 08 │ 09 │ 10 │ 11 │ 12 │
├────┼────┼────┼────┼────┼────┼────┤
│ 13 │ 14 │ 15 │ 16 │ 17 │ 18 │ 19 │
├────┼────┼────┼────┼────┼────┼────┤
│ 20 │ 21 │ 22 │ 23 │ 24 │ 25 │ 26 │
├────┼────┼────┼────┼────┼────┼────┤
│ 27 │ 28 │ 29 │    │    │    │    │
├────┼────┼────┼────┼────┼────┼────┤
│    │    │    │    │    │    │    │
└────┴────┴────┴────┴────┴────┴────┘
Sist                                 Spst                                 Slst                                
┌────┬────┬────┬────┬────┬────┬────┐ ┌────┬────┬────┬────┬────┬────┬────┐ ┌────┬────┬────┬────┬────┬────┬────┐
│ Sun│ Mon│Tues│ Wed│Thur│ Fri│ Sat│ │ Sun│ Mon│Tues│ Wed│Thur│ Fri│ Sat│ │ Sun│ Mon│Tues│ Wed│Thur│ Fri│ Sat│
├────┼────┼────┼────┼────┼────┼────┤ ├────┼────┼────┼────┼────┼────┼────┤ ├────┼────┼────┼────┼────┼────┼────┤
│    │    │    │ 01 │ 02 │ 03 │ 04 │ │    │ 01 │ 02 │ 03 │ 04 │ 05 │ 06 │ │    │    │    │    │    │ 01 │ 02 │
├────┼────┼────┼────┼────┼────┼────┤ ├────┼────┼────┼────┼────┼────┼────┤ ├────┼────┼────┼────┼────┼────┼────┤
│ 05 │ 06 │ 07 │ 08 │ 09 │ 0A │ 0B │ │ 07 │ 08 │ 09 │ 0A │ 0B │ 0C │ 0D │ │ 03 │ 04 │ 05 │ 06 │ 07 │ 08 │ 09 │
├────┼────┼────┼────┼────┼────┼────┤ ├────┼────┼────┼────┼────┼────┼────┤ ├────┼────┼────┼────┼────┼────┼────┤
│ 0C │ 0D │ 0E │ 0F │ 10 │ 11 │ 12 │ │ 0E │ 0F │ 10 │ 11 │ 12 │ 13 │ 14 │ │ 0A │ 0B │ 0C │ 0D │ 0E │ 0F │ 10 │
├────┼────┼────┼────┼────┼────┼────┤ ├────┼────┼────┼────┼────┼────┼────┤ ├────┼────┼────┼────┼────┼────┼────┤
│ 13 │ 14 │ 15 │ 16 │ 17 │ 18 │ 19 │ │ 15 │ 16 │ 17 │ 18 │ 19 │ 1A │ 1B │ │ 11 │ 12 │ 13 │ 14 │ 15 │ 16 │ 17 │
├────┼────┼────┼────┼────┼────┼────┤ ├────┼────┼────┼────┼────┼────┼────┤ ├────┼────┼────┼────┼────┼────┼────┤
│ 1A │ 1B │ 1C │ 1D │ 1E │ 1F │ 20 │ │ 1C │ 1D │ 1E │ 1F │ 20 │ 21 │ 22 │ │ 18 │ 19 │ 1A │ 1B │ 1C │ 1D │ 1E │
├────┼────┼────┼────┼────┼────┼────┤ ├────┼────┼────┼────┼────┼────┼────┤ ├────┼────┼────┼────┼────┼────┼────┤
│ 21 │ 22 │ 23 │ 24 │ 25 │ 26 │ 27 │ │ 23 │ 24 │ 25 │ 26 │ 27 │    │    │ │ 1F │ 20 │ 21 │ 22 │ 23 │ 24 │ 25 │
├────┼────┼────┼────┼────┼────┼────┤ ├────┼────┼────┼────┼────┼────┼────┤ ├────┼────┼────┼────┼────┼────┼────┤
│ 28 │    │    │    │    │    │    │ │    │    │    │    │    │    │    │ │ 26 │ 27 │ 28 │ 29 │    │    │    │
└────┴────┴────┴────┴────┴────┴────┘ └────┴────┴────┴────┴────┴────┴────┘ └────┴────┴────┴────┴────┴────┴────┘
Sem                                  Sca                                  Ims                                 
┌────┬────┬────┬────┬────┬────┬────┐ ┌────┬────┬────┬────┬────┬────┬────┐ ┌────┬────┬────┬────┬────┬────┬────┐
│ Sun│ Mon│Tues│ Wed│Thur│ Fri│ Sat│ │ Sun│ Mon│Tues│ Wed│Thur│ Fri│ Sat│ │ Sun│ Mon│Tues│ Wed│Thur│ Fri│ Sat│
├────┼────┼────┼────┼────┼────┼────┤ ├────┼────┼────┼────┼────┼────┼────┤ ├────┼────┼────┼────┼────┼────┼────┤
│    │    │    │    │ 01 │ 02 │ 03 │ │    │    │ 01 │ 02 │ 03 │ 04 │ 05 │ │    │    │    │    │    │    │ 01 │
├────┼────┼────┼────┼────┼────┼────┤ ├────┼────┼────┼────┼────┼────┼────┤ ├────┼────┼────┼────┼────┼────┼────┤
│ 04 │ 05 │ 06 │ 07 │ 08 │ 09 │ 0A │ │ 06 │ 07 │ 08 │ 09 │ 0A │ 0B │ 0C │ │ 02 │ 03 │ 04 │ 05 │ 06 │ 07 │ 08 │
├────┼────┼────┼────┼────┼────┼────┤ ├────┼────┼────┼────┼────┼────┼────┤ ├────┼────┼────┼────┼────┼────┼────┤
│ 0B │ 0C │ 0D │ 0E │ 0F │ 10 │ 11 │ │ 0D │ 0E │ 0F │ 10 │ 11 │ 12 │ 13 │ │ 09 │ 0A │ 0B │ 0C │ 0D │ 0E │ 0F │
├────┼────┼────┼────┼────┼────┼────┤ ├────┼────┼────┼────┼────┼────┼────┤ ├────┼────┼────┼────┼────┼────┼────┤
│ 12 │ 13 │ 14 │ 15 │ 16 │ 17 │ 18 │ │ 14 │ 15 │ 16 │ 17 │ 18 │ 19 │ 1A │ │ 10 │ 11 │ 12 │ 13 │ 14 │ 15 │ 16 │
├────┼────┼────┼────┼────┼────┼────┤ ├────┼────┼────┼────┼────┼────┼────┤ ├────┼────┼────┼────┼────┼────┼────┤
│ 19 │ 1A │ 1B │ 1C │ 1D │ 1E │ 1F │ │ 1B │ 1C │ 1D │ 1E │ 1F │ 20 │ 21 │ │ 17 │ 18 │ 19 │ 1A │ 1B │ 1C │ 1D │
├────┼────┼────┼────┼────┼────┼────┤ ├────┼────┼────┼────┼────┼────┼────┤ ├────┼────┼────┼────┼────┼────┼────┤
│ 20 │ 21 │ 22 │ 23 │ 24 │ 25 │ 26 │ │ 22 │ 23 │ 24 │ 25 │ 26 │ 27 │    │ │ 1E │ 1F │ 20 │ 21 │ 22 │ 23 │ 24 │
├────┼────┼────┼────┼────┼────┼────┤ ├────┼────┼────┼────┼────┼────┼────┤ ├────┼────┼────┼────┼────┼────┼────┤
│ 27 │ 28 │    │    │    │    │    │ │    │    │    │    │    │    │    │ │ 25 │ 26 │ 27 │ 28 │ 29 │    │    │
└────┴────┴────┴────┴────┴────┴────┘ └────┴────┴────┴────┴────┴────┴────┘ └────┴────┴────┴────┴────┴────┴────┘
Ihuman                               Siais                                Ih                                  
┌────┬────┬────┬────┬────┬────┬────┐ ┌────┬────┬────┬────┬────┬────┬────┐ ┌────┬────┬────┬────┬────┬────┬────┐
│ Sun│ Mon│Tues│ Wed│Thur│ Fri│ Sat│ │ Sun│ Mon│Tues│ Wed│Thur│ Fri│ Sat│ │ Sun│ Mon│Tues│ Wed│Thur│ Fri│ Sat│
├────┼────┼────┼────┼────┼────┼────┤ ├────┼────┼────┼────┼────┼────┼────┤ ├────┼────┼────┼────┼────┼────┼────┤
│    │    │    │    │    │ 01 │ 02 │ │    │    │    │ 01 │ 02 │ 03 │ 04 │ │ 01 │ 02 │ 03 │ 04 │ 05 │ 06 │ 07 │
├────┼────┼────┼────┼────┼────┼────┤ ├────┼────┼────┼────┼────┼────┼────┤ ├────┼────┼────┼────┼────┼────┼────┤
│ 03 │ 04 │ 05 │ 06 │ 07 │ 08 │ 09 │ │ 05 │ 06 │ 07 │ 08 │ 09 │ 0A │ 0B │ │ 08 │ 09 │ 0A │ 0B │ 0C │ 0D │ 0E │
├────┼────┼────┼────┼────┼────┼────┤ ├────┼────┼────┼────┼────┼────┼────┤ ├────┼────┼────┼────┼────┼────┼────┤
│ 0A │ 0B │ 0C │ 0D │ 0E │ 0F │ 10 │ │ 0C │ 0D │ 0E │ 0F │ 10 │ 11 │ 12 │ │ 0F │ 10 │ 11 │ 12 │ 13 │ 14 │ 15 │
├────┼────┼────┼────┼────┼────┼────┤ ├────┼────┼────┼────┼────┼────┼────┤ ├────┼────┼────┼────┼────┼────┼────┤
│ 11 │ 12 │ 13 │ 14 │ 15 │ 16 │ 17 │ │ 13 │ 14 │ 15 │ 16 │ 17 │ 18 │ 19 │ │ 16 │ 17 │ 18 │ 19 │ 1A │ 1B │ 1C │
├────┼────┼────┼────┼────┼────┼────┤ ├────┼────┼────┼────┼────┼────┼────┤ ├────┼────┼────┼────┼────┼────┼────┤
│ 18 │ 19 │ 1A │ 1B │ 1C │ 1D │ 1E │ │ 1A │ 1B │ 1C │ 1D │ 1E │ 1F │ 20 │ │ 1D │ 1E │ 1F │ 20 │ 21 │ 22 │ 23 │
├────┼────┼────┼────┼────┼────┼────┤ ├────┼────┼────┼────┼────┼────┼────┤ ├────┼────┼────┼────┼────┼────┼────┤
│ 1F │ 20 │ 21 │ 22 │ 23 │ 24 │ 25 │ │ 21 │ 22 │ 23 │ 24 │ 25 │ 26 │ 27 │ │ 24 │ 25 │ 26 │ 27 │ 28 │ 29 │    │
├────┼────┼────┼────┼────┼────┼────┤ ├────┼────┼────┼────┼────┼────┼────┤ ├────┼────┼────┼────┼────┼────┼────┤
│ 26 │ 27 │ 28 │    │    │    │    │ │    │    │    │    │    │    │    │ │    │    │    │    │    │    │    │
└────┴────┴────┴────┴────┴────┴────┘ └────┴────┴────┴────┴────┴────┴────┘ └────┴────┴────┴────┴────┴────┴────┘
Jan                                  Feb                                  Mar                                 
┌────┬────┬────┬────┬────┬────┬────┐ ┌────┬────┬────┬────┬────┬────┬────┐ ┌────┬────┬────┬────┬────┬────┬────┐
│ Sun│ Mon│Tues│ Wed│Thur│ Fri│ Sat│ │ Sun│ Mon│Tues│ Wed│Thur│ Fri│ Sat│ │ Sun│ Mon│Tues│ Wed│Thur│ Fri│ Sat│
├────┼────┼────┼────┼────┼────┼────┤ ├────┼────┼────┼────┼────┼────┼────┤ ├────┼────┼────┼────┼────┼────┼────┤
│    │    │    │    │    │    │ 01 │ │    │    │ 01 │ 02 │ 03 │ 04 │ 05 │ │    │    │    │ 01 │ 02 │ 03 │ 04 │
├────┼────┼────┼────┼────┼────┼────┤ ├────┼────┼────┼────┼────┼────┼────┤ ├────┼────┼────┼────┼────┼────┼────┤
│ 02 │ 03 │ 04 │ 05 │ 06 │ 07 │ 08 │ │ 06 │ 07 │ 08 │ 09 │ 10 │ 11 │ 12 │ │ 05 │ 06 │ 07 │ 08 │ 09 │ 10 │ 11 │
├────┼────┼────┼────┼────┼────┼────┤ ├────┼────┼────┼────┼────┼────┼────┤ ├────┼────┼────┼────┼────┼────┼────┤
│ 09 │ 10 │ 11 │ 12 │ 13 │ 14 │ 15 │ │ 13 │ 14 │ 15 │ 16 │ 17 │ 18 │ 19 │ │ 12 │ 13 │ 14 │ 15 │ 16 │ 17 │ 18 │
├────┼────┼────┼────┼────┼────┼────┤ ├────┼────┼────┼────┼────┼────┼────┤ ├────┼────┼────┼────┼────┼────┼────┤
│ 16 │ 17 │ 18 │ 19 │ 20 │ 21 │ 22 │ │ 20 │ 21 │ 22 │ 23 │ 24 │ 25 │ 26 │ │ 19 │ 20 │ 21 │ 22 │ 23 │ 24 │ 25 │
├────┼────┼────┼────┼────┼────┼────┤ ├────┼────┼────┼────┼────┼────┼────┤ ├────┼────┼────┼────┼────┼────┼────┤
│ 23 │ 24 │ 25 │ 26 │ 27 │ 28 │ 29 │ │ 27 │ 28 │ 29 │    │    │    │    │ │ 26 │ 27 │ 28 │ 29 │ 30 │ 31 │    │
├────┼────┼────┼────┼────┼────┼────┤ ├────┼────┼────┼────┼────┼────┼────┤ ├────┼────┼────┼────┼────┼────┼────┤
│ 30 │ 31 │    │    │    │    │    │ │    │    │    │    │    │    │    │ │    │    │    │    │    │    │    │
└────┴────┴────┴────┴────┴────┴────┘ └────┴────┴────┴────┴────┴────┴────┘ └────┴────┴────┴────┴────┴────┴────┘
Apr                                  May                                  Jun                                 
┌────┬────┬────┬────┬────┬────┬────┐ ┌────┬────┬────┬────┬────┬────┬────┐ ┌────┬────┬────┬────┬────┬────┬────┐
│ Sun│ Mon│Tues│ Wed│Thur│ Fri│ Sat│ │ Sun│ Mon│Tues│ Wed│Thur│ Fri│ Sat│ │ Sun│ Mon│Tues│ Wed│Thur│ Fri│ Sat│
├────┼────┼────┼────┼────┼────┼────┤ ├────┼────┼────┼────┼────┼────┼────┤ ├────┼────┼────┼────┼────┼────┼────┤
│    │    │    │    │    │    │ 01 │ │    │ 01 │ 02 │ 03 │ 04 │ 05 │ 06 │ │    │    │    │    │ 01 │ 02 │ 03 │
├────┼────┼────┼────┼────┼────┼────┤ ├────┼────┼────┼────┼────┼────┼────┤ ├────┼────┼────┼────┼────┼────┼────┤
│ 02 │ 03 │ 04 │ 05 │ 06 │ 07 │ 08 │ │ 07 │ 08 │ 09 │ 10 │ 11 │ 12 │ 13 │ │ 04 │ 05 │ 06 │ 07 │ 08 │ 09 │ 10 │
├────┼────┼────┼────┼────┼────┼────┤ ├────┼────┼────┼────┼────┼────┼────┤ ├────┼────┼────┼────┼────┼────┼────┤
│ 09 │ 10 │ 11 │ 12 │ 13 │ 14 │ 15 │ │ 14 │ 15 │ 16 │ 17 │ 18 │ 19 │ 20 │ │ 11 │ 12 │ 13 │ 14 │ 15 │ 16 │ 17 │
├────┼────┼────┼────┼────┼────┼────┤ ├────┼────┼────┼────┼────┼────┼────┤ ├────┼────┼────┼────┼────┼────┼────┤
│ 16 │ 17 │ 18 │ 19 │ 20 │ 21 │ 22 │ │ 21 │ 22 │ 23 │ 24 │ 25 │ 26 │ 27 │ │ 18 │ 19 │ 20 │ 21 │ 22 │ 23 │ 24 │
├────┼────┼────┼────┼────┼────┼────┤ ├────┼────┼────┼────┼────┼────┼────┤ ├────┼────┼────┼────┼────┼────┼────┤
│ 23 │ 24 │ 25 │ 26 │ 27 │ 28 │ 29 │ │ 28 │ 29 │ 30 │ 31 │    │    │    │ │ 25 │ 26 │ 27 │ 28 │ 29 │ 30 │    │
├────┼────┼────┼────┼────┼────┼────┤ ├────┼────┼────┼────┼────┼────┼────┤ ├────┼────┼────┼────┼────┼────┼────┤
│ 30 │    │    │    │    │    │    │ │    │    │    │    │    │    │    │ │    │    │    │    │    │    │    │
└────┴────┴────┴────┴────┴────┴────┘ └────┴────┴────┴────┴────┴────┴────┘ └────┴────┴────┴────┴────┴────┴────┘
Jul                                  Aug                                  Sep                                 
┌────┬────┬────┬────┬────┬────┬────┐ ┌────┬────┬────┬────┬────┬────┬────┐ ┌────┬────┬────┬────┬────┬────┬────┐
│ Sun│ Mon│Tues│ Wed│Thur│ Fri│ Sat│ │ Sun│ Mon│Tues│ Wed│Thur│ Fri│ Sat│ │ Sun│ Mon│Tues│ Wed│Thur│ Fri│ Sat│
├────┼────┼────┼────┼────┼────┼────┤ ├────┼────┼────┼────┼────┼────┼────┤ ├────┼────┼────┼────┼────┼────┼────┤
│    │    │    │    │    │    │ 01 │ │    │    │ 01 │ 02 │ 03 │ 04 │ 05 │ │    │    │    │    │    │ 01 │ 02 │
├────┼────┼────┼────┼────┼────┼────┤ ├────┼────┼────┼────┼────┼────┼────┤ ├────┼────┼────┼────┼────┼────┼────┤
│ 02 │ 03 │ 04 │ 05 │ 06 │ 07 │ 08 │ │ 06 │ 07 │ 08 │ 09 │ 10 │ 11 │ 12 │ │ 03 │ 04 │ 05 │ 06 │ 07 │ 08 │ 09 │
├────┼────┼────┼────┼────┼────┼────┤ ├────┼────┼────┼────┼────┼────┼────┤ ├────┼────┼────┼────┼────┼────┼────┤
│ 09 │ 10 │ 11 │ 12 │ 13 │ 14 │ 15 │ │ 13 │ 14 │ 15 │ 16 │ 17 │ 18 │ 19 │ │ 10 │ 11 │ 12 │ 13 │ 14 │ 15 │ 16 │
├────┼────┼────┼────┼────┼────┼────┤ ├────┼────┼────┼────┼────┼────┼────┤ ├────┼────┼────┼────┼────┼────┼────┤
│ 16 │ 17 │ 18 │ 19 │ 20 │ 21 │ 22 │ │ 20 │ 21 │ 22 │ 23 │ 24 │ 25 │ 26 │ │ 17 │ 18 │ 19 │ 20 │ 21 │ 22 │ 23 │
├────┼────┼────┼────┼────┼────┼────┤ ├────┼────┼────┼────┼────┼────┼────┤ ├────┼────┼────┼────┼────┼────┼────┤
│ 23 │ 24 │ 25 │ 26 │ 27 │ 28 │ 29 │ │ 27 │ 28 │ 29 │ 30 │ 31 │    │    │ │ 24 │ 25 │ 26 │ 27 │ 28 │ 29 │ 30 │
├────┼────┼────┼────┼────┼────┼────┤ ├────┼────┼────┼────┼────┼────┼────┤ ├────┼────┼────┼────┼────┼────┼────┤
│ 30 │ 31 │    │    │    │    │    │ │    │    │    │    │    │    │    │ │    │    │    │    │    │    │    │
└────┴────┴────┴────┴────┴────┴────┘ └────┴────┴────┴────┴────┴────┴────┘ └────┴────┴────┴────┴────┴────┴────┘
Oct                                  Nov                                  Dec                                 
┌────┬────┬────┬────┬────┬────┬────┐ ┌────┬────┬────┬────┬────┬────┬────┐ ┌────┬────┬────┬────┬────┬────┬────┐
│ Sun│ Mon│Tues│ Wed│Thur│ Fri│ Sat│ │ Sun│ Mon│Tues│ Wed│Thur│ Fri│ Sat│ │ Sun│ Mon│Tues│ Wed│Thur│ Fri│ Sat│
├────┼────┼────┼────┼────┼────┼────┤ ├────┼────┼────┼────┼────┼────┼────┤ ├────┼────┼────┼────┼────┼────┼────┤
│ 01 │ 02 │ 03 │ 04 │ 05 │ 06 │ 07 │ │    │    │    │ 01 │ 02 │ 03 │ 04 │ │    │    │    │    │    │ 01 │ 02 │
├────┼────┼────┼────┼────┼────┼────┤ ├────┼────┼────┼────┼────┼────┼────┤ ├────┼────┼────┼────┼────┼────┼────┤
│ 08 │ 09 │ 10 │ 11 │ 12 │ 13 │ 14 │ │ 05 │ 06 │ 07 │ 08 │ 09 │ 10 │ 11 │ │ 03 │ 04 │ 05 │ 06 │ 07 │ 08 │ 09 │
├────┼────┼────┼────┼────┼────┼────┤ ├────┼────┼────┼────┼────┼────┼────┤ ├────┼────┼────┼────┼────┼────┼────┤
│ 15 │ 16 │ 17 │ 18 │ 19 │ 20 │ 21 │ │ 12 │ 13 │ 14 │ 15 │ 16 │ 17 │ 18 │ │ 10 │ 11 │ 12 │ 13 │ 14 │ 15 │ 16 │
├────┼────┼────┼────┼────┼────┼────┤ ├────┼────┼────┼────┼────┼────┼────┤ ├────┼────┼────┼────┼────┼────┼────┤
│ 22 │ 23 │ 24 │ 25 │ 26 │ 27 │ 28 │ │ 19 │ 20 │ 21 │ 22 │ 23 │ 24 │ 25 │ │ 17 │ 18 │ 19 │ 20 │ 21 │ 22 │ 23 │
├────┼────┼────┼────┼────┼────┼────┤ ├────┼────┼────┼────┼────┼────┼────┤ ├────┼────┼────┼────┼────┼────┼────┤
│ 29 │ 30 │ 31 │    │    │    │    │ │ 26 │ 27 │ 28 │ 29 │ 30 │    │    │ │ 24 │ 25 │ 26 │ 27 │ 28 │ 29 │ 30 │
├────┼────┼────┼────┼────┼────┼────┤ ├────┼────┼────┼────┼────┼────┼────┤ ├────┼────┼────┼────┼────┼────┼────┤
│    │    │    │    │    │    │    │ │    │    │    │    │    │    │    │ │ 31 │    │    │    │    │    │    │
└────┴────┴────┴────┴────┴────┴────┘ └────┴────┴────┴────┴────┴────┴────┘ └────┴────┴────┴────┴────┴────┴────┘
