Jan                                  Feb                                  Mar                                 
┌────┬────┬────┬────┬────┬────┬────┐ ┌────┬────┬────┬────┬────┬────┬────┐ ┌────┬────┬────┬────┬────┬────┬────┐
│ Sun│ Mon│Tues│ Wed│Thur│ Fri│ Sat│ │ Sun│ Mon│Tues│ Wed│Thur│ Fri│ Sat│ │ Sun│ Mon│Tues│ Wed│Thur│ Fri│ Sat│
├────┼────┼────┼────┼────┼────┼────┤ ├────┼────┼────┼────┼────┼────┼────┤ ├────┼────┼────┼────┼────┼────┼────┤
│    │    │    │    │ 01 │ 02 │ 03 │ │ 01 │ 02 │ 03 │ 04 │ 05 │ 06 │ 07 │ │ 01 │ 02 │ 03 │ 04 │ 05 │ 06 │ 07 │
├────┼────┼────┼────┼────┼────┼────┤ ├────┼────┼────┼────┼────┼────┼────┤ ├────┼────┼────┼────┼────┼────┼────┤
│ 04 │ 05 │ 06 │ 07 │ 08 │ 09 │ 10 │ │ 08 │ 09 │ 10 │ 11 │ 12 │ 13 │ 14 │ │ 08 │ 09 │ 10 │ 11 │ 12 │ 13 │ 14 │
├────┼────┼────┼────┼────┼────┼────┤ ├────┼────┼────┼────┼────┼────┼────┤ ├────┼────┼────┼────┼────┼────┼────┤
│ 11 │ 12 │ 13 │ 14 │ 15 │ 16 │ 17 │ │ 15 │ 16 │ 17 │ 18 │ 19 │ 20 │ 21 │ │ 15 │ 16 │ 17 │ 18 │ 19 │ 20 │ 21 │
├────┼────┼────┼────┼────┼────┼────┤ ├────┼────┼────┼────┼────┼────┼────┤ ├────┼────┼────┼────┼────┼────┼────┤
│ 18 │ 19 │ 20 │ 21 │ 22 │ 23 │ 24 │ │ 22 │ 23 │ 24 │ 25 │ 26 │ 27 │ 28 │ │ 22 │ 23 │ 24 │ 25 │ 26 │ 27 │ 28 │
├────┼────┼────┼────┼────┼────┼────┤ ├────┼────┼────┼────┼────┼────┼────┤ ├────┼────┼────┼────┼────┼────┼────┤
│ 25 │ 26 │ 27 │ 28 │ 29 │ 30 │ 31 │ │    │    │    │    │    │    │    │ │ 29 │ 30 │ 31 │    │    │    │    │
├────┼────┼────┼────┼────┼────┼────┤ ├────┼────┼────┼────┼────┼────┼────┤ ├────┼────┼────┼────┼────┼────┼────┤
│    │    │    │    │    │    │    │ │    │    │    │    │    │    │    │ │    │    │    │    │    │    │    │
└────┴────┴────┴────┴────┴────┴────┘ └────┴────┴────┴────┴────┴────┴────┘ └────┴────┴────┴────┴────┴────┴────┘
Apr                                  May                                  Jun                                 
┌────┬────┬────┬────┬────┬────┬────┐ ┌────┬────┬────┬────┬────┬────┬────┐ ┌────┬────┬────┬────┬────┬────┬────┐
│ Sun│ Mon│Tues│ Wed│Thur│ Fri│ Sat│ │ Sun│ Mon│Tues│ Wed│Thur│ Fri│ Sat│ │ Sun│ Mon│Tues│ Wed│Thur│ Fri│ Sat│
├────┼────┼────┼────┼────┼────┼────┤ ├────┼────┼────┼────┼────┼────┼────┤ ├────┼────┼────┼────┼────┼────┼────┤
│    │    │    │ 01 │ 02 │ 03 │ 04 │ │    │    │    │    │    │ 01 │ 02 │ │    │ 01 │ 02 │ 03 │ 04 │ 05 │ 06 │
├────┼────┼────┼────┼────┼────┼────┤ ├────┼────┼────┼────┼────┼────┼────┤ ├────┼────┼────┼────┼────┼────┼────┤
│ 05 │ 06 │ 07 │ 08 │ 09 │ 10 │ 11 │ │ 03 │ 04 │ 05 │ 06 │ 07 │ 08 │ 09 │ │ 07 │ 08 │ 09 │ 10 │ 11 │ 12 │ 13 │
├────┼────┼────┼────┼────┼────┼────┤ ├────┼────┼────┼────┼────┼────┼────┤ ├────┼────┼────┼────┼────┼────┼────┤
│ 12 │ 13 │ 14 │ 15 │ 16 │ 17 │ 18 │ │ 10 │ 11 │ 12 │ 13 │ 14 │ 15 │ 16 │ │ 14 │ 15 │ 16 │ 17 │ 18 │ 19 │ 20 │
├────┼────┼────┼────┼────┼────┼────┤ ├────┼────┼────┼────┼────┼────┼────┤ ├────┼────┼────┼────┼────┼────┼────┤
│ 19 │ 20 │ 21 │ 22 │ 23 │ 24 │ 25 │ │ 17 │ 18 │ 19 │ 20 │ 21 │ 22 │ 23 │ │ 21 │ 22 │ 23 │ 24 │ 25 │ 26 │ 27 │
├────┼────┼────┼────┼────┼────┼────┤ ├────┼────┼────┼────┼────┼────┼────┤ ├────┼────┼────┼────┼────┼────┼────┤
│ 26 │ 27 │ 28 │ 29 │ 30 │    │    │ │ 24 │ 25 │ 26 │ 27 │ 28 │ 29 │ 30 │ │ 28 │ 29 │ 30 │    │    │    │    │
├────┼────┼────┼────┼────┼────┼────┤ ├────┼────┼────┼────┼────┼────┼────┤ ├────┼────┼────┼────┼────┼────┼────┤
│    │    │    │    │    │    │    │ │ 31 │    │    │    │    │    │    │ │    │    │    │    │    │    │    │
└────┴────┴────┴────┴────┴────┴────┘ └────┴────┴────┴────┴────┴────┴────┘ └────┴────┴────┴────┴────┴────┴────┘
Jul                                  Aug                                  Sep                                 
┌────┬────┬────┬────┬────┬────┬────┐ ┌────┬────┬────┬────┬────┬────┬────┐ ┌────┬────┬────┬────┬────┬────┬────┐
│ Sun│ Mon│Tues│ Wed│Thur│ Fri│ Sat│ │ Sun│ Mon│Tues│ Wed│Thur│ Fri│ Sat│ │ Sun│ Mon│Tues│ Wed│Thur│ Fri│ Sat│
├────┼────┼────┼────┼────┼────┼────┤ ├────┼────┼────┼────┼────┼────┼────┤ ├────┼────┼────┼────┼────┼────┼────┤
│    │    │    │ 01 │ 02 │ 03 │ 04 │ │    │    │    │    │    │    │ 01 │ │    │    │ 01 │ 02 │ 03 │ 04 │ 05 │
├────┼────┼────┼────┼────┼────┼────┤ ├────┼────┼────┼────┼────┼────┼────┤ ├────┼────┼────┼────┼────┼────┼────┤
│ 05 │ 06 │ 07 │ 08 │ 09 │ 10 │ 11 │ │ 02 │ 03 │ 04 │ 05 │ 06 │ 07 │ 08 │ │ 06 │ 07 │ 08 │ 09 │ 10 │ 11 │ 12 │
├────┼────┼────┼────┼────┼────┼────┤ ├────┼────┼────┼────┼────┼────┼────┤ ├────┼────┼────┼────┼────┼────┼────┤
│ 12 │ 13 │ 14 │ 15 │ 16 │ 17 │ 18 │ │ 09 │ 10 │ 11 │ 12 │ 13 │ 14 │ 15 │ │ 13 │ 14 │ 15 │ 16 │ 17 │ 18 │ 19 │
├────┼────┼────┼────┼────┼────┼────┤ ├────┼────┼────┼────┼────┼────┼────┤ ├────┼────┼────┼────┼────┼────┼────┤
│ 19 │ 20 │ 21 │ 22 │ 23 │ 24 │ 25 │ │ 16 │ 17 │ 18 │ 19 │ 20 │ 21 │ 22 │ │ 20 │ 21 │ 22 │ 23 │ 24 │ 25 │ 26 │
├────┼────┼────┼────┼────┼────┼────┤ ├────┼────┼────┼────┼────┼────┼────┤ ├────┼────┼────┼────┼────┼────┼────┤
│ 26 │ 27 │ 28 │ 29 │ 30 │ 31 │    │ │ 23 │ 24 │ 25 │ 26 │ 27 │ 28 │ 29 │ │ 27 │ 28 │ 29 │ 30 │    │    │    │
├────┼────┼────┼────┼────┼────┼────┤ ├────┼────┼────┼────┼────┼────┼────┤ ├────┼────┼────┼────┼────┼────┼────┤
│    │    │    │    │    │    │    │ │ 30 │ 31 │    │    │    │    │    │ │    │    │    │    │    │    │    │
└────┴────┴────┴────┴────┴────┴────┘ └────┴────┴────┴────┴────┴────┴────┘ └────┴────┴────┴────┴────┴────┴────┘
Oct                                  Nov                                  Dec                                 
┌────┬────┬────┬────┬────┬────┬────┐ ┌────┬────┬────┬────┬────┬────┬────┐ ┌────┬────┬────┬────┬────┬────┬────┐
│ Sun│ Mon│Tues│ Wed│Thur│ Fri│ Sat│ │ Sun│ Mon│Tues│ Wed│Thur│ Fri│ Sat│ │ Sun│ Mon│Tues│ Wed│Thur│ Fri│ Sat│
├────┼────┼────┼────┼────┼────┼────┤ ├────┼────┼────┼────┼────┼────┼────┤ ├────┼────┼────┼────┼────┼────┼────┤
│    │    │    │    │ 01 │ 02 │ 03 │ │ 01 │ 02 │ 03 │ 04 │ 05 │ 06 │ 07 │ │    │    │ 01 │ 02 │ 03 │ 04 │ 05 │
├────┼────┼────┼────┼────┼────┼────┤ ├────┼────┼────┼────┼────┼────┼────┤ ├────┼────┼────┼────┼────┼────┼────┤
│ 04 │ 05 │ 06 │ 07 │ 08 │ 09 │ 10 │ │ 08 │ 09 │ 10 │ 11 │ 12 │ 13 │ 14 │ │ 06 │ 07 │ 08 │ 09 │ 10 │ 11 │ 12 │
├────┼────┼────┼────┼────┼────┼────┤ ├────┼────┼────┼────┼────┼────┼────┤ ├────┼────┼────┼────┼────┼────┼────┤
│ 11 │ 12 │ 13 │ 14 │ 15 │ 16 │ 17 │ │ 15 │ 16 │ 17 │ 18 │ 19 │ 20 │ 21 │ │ 13 │ 14 │ 15 │ 16 │ 17 │ 18 │ 19 │
├────┼────┼────┼────┼────┼────┼────┤ ├────┼────┼────┼────┼────┼────┼────┤ ├────┼────┼────┼────┼────┼────┼────┤
│ 18 │ 19 │ 20 │ 21 │ 22 │ 23 │ 24 │ │ 22 │ 23 │ 24 │ 25 │ 26 │ 27 │ 28 │ │ 20 │ 21 │ 22 │ 23 │ 24 │ 25 │ 26 │
├────┼────┼────┼────┼────┼────┼────┤ ├────┼────┼────┼────┼────┼────┼────┤ ├────┼────┼────┼────┼────┼────┼────┤
│ 25 │ 26 │ 27 │ 28 │ 29 │ 30 │ 31 │ │ 29 │ 30 │    │    │    │    │    │ │ 27 │ 28 │ 29 │ 30 │ 31 │    │    │
├────┼────┼────┼────┼────┼────┼────┤ ├────┼────┼────┼────┼────┼────┼────┤ ├────┼────┼────┼────┼────┼────┼────┤
│    │    │    │    │    │    │    │ │    │    │    │    │    │    │    │ │    │    │    │    │    │    │    │
└────┴────┴────┴────┴────┴────┴────┘ └────┴────┴────┴────┴────┴────┴────┘ └────┴────┴────┴────┴────┴────┴────┘
649904 Spst 16
649832 Jan 1
Spst                                
┌────┬────┬────┬────┬────┬────┬────┐
│ Sun│ Mon│Tues│ Wed│Thur│ Fri│ Sat│
├────┼────┼────┼────┼────┼────┼────┤
│    │    │    │    │    │ 01 │ 02 │
├────┼────┼────┼────┼────┼────┼────┤
│ 03 │ 04 │ 05 │ 06 │ 07 │ 08 │ 09 │
├────┼────┼────┼────┼────┼────┼────┤
│ 0A │ 0B │ 0C │ 0D │ 0E │ 0F │ 10 │
├────┼────┼────┼────┼────┼────┼────┤
│ 11 │ 12 │ 13 │ 14 │ 15 │ 16 │ 17 │
├────┼────┼────┼────┼────┼────┼────┤
│ 18 │ 19 │ 1A │ 1B │ 1C │ 1D │ 1E │
├────┼────┼────┼────┼────┼────┼────┤
│ 1F │ 20 │ 21 │ 22 │ 23 │ 24 │ 25 │
├────┼────┼────┼────┼────┼────┼────┤
│ 26 │ 27 │    │    │    │    │    │
└────┴────┴────┴────┴────┴────┴────┘
Jan                                 
┌────┬────┬────┬────┬────┬────┬────┐
│ Sun│ Mon│Tues│ Wed│Thur│ Fri│ Sat│
├────┼────┼────┼────┼────┼────┼────┤
│    │    │    │    │    │    │ 01 │
├────┼────┼────┼────┼────┼────┼────┤
│ 02 │ 03 │ 04 │ 05 │ 06 │ 07 │ 08 │
├────┼────┼────┼────┼────┼────┼────┤
│ 09 │ 10 │ 11 │ 12 │ 13 │ 14 │ 15 │
├────┼────┼────┼────┼────┼────┼────┤
│ 16 │ 17 │ 18 │ 19 │ 20 │ 21 │ 22 │
├────┼────┼────┼────┼────┼────┼────┤
│ 23 │ 24 │ 25 │ 26 │ 27 │ 28 │ 29 │
├────┼────┼────┼────┼────┼────┼────┤
│ 30 │ 31 │    │    │    │    │    │
└────┴────┴────┴────┴────┴────┴────┘
Sist                                 Spst                                 Slst                                
┌────┬────┬────┬────┬────┬────┬────┐ ┌────┬────┬────┬────┬────┬────┬────┐ ┌────┬────┬────┬────┬────┬────┬────┐
│ Sun│ Mon│Tues│ Wed│Thur│ Fri│ Sat│ │ Sun│ Mon│Tues│ Wed│Thur│ Fri│ Sat│ │ Sun│ Mon│Tues│ Wed│Thur│ Fri│ Sat│
├────┼────┼────┼────┼────┼────┼────┤ ├────┼────┼────┼────┼────┼────┼────┤ ├────┼────┼────┼────┼────┼────┼────┤
│ 01 │ 02 │ 03 │ 04 │ 05 │ 06 │ 07 │ │    │    │    │    │    │ 01 │ 02 │ │    │    │ 01 │ 02 │ 03 │ 04 │ 05 │
├────┼────┼────┼────┼────┼────┼────┤ ├────┼────┼────┼────┼────┼────┼────┤ ├────┼────┼────┼────┼────┼────┼────┤
│ 08 │ 09 │ 0A │ 0B │ 0C │ 0D │ 0E │ │ 03 │ 04 │ 05 │ 06 │ 07 │ 08 │ 09 │ │ 06 │ 07 │ 08 │ 09 │ 0A │ 0B │ 0C │
├────┼────┼────┼────┼────┼────┼────┤ ├────┼────┼────┼────┼────┼────┼────┤ ├────┼────┼────┼────┼────┼────┼────┤
│ 0F │ 10 │ 11 │ 12 │ 13 │ 14 │ 15 │ │ 0A │ 0B │ 0C │ 0D │ 0E │ 0F │ 10 │ │ 0D │ 0E │ 0F │ 10 │ 11 │ 12 │ 13 │
├────┼────┼────┼────┼────┼────┼────┤ ├────┼────┼────┼────┼────┼────┼────┤ ├────┼────┼────┼────┼────┼────┼────┤
│ 16 │ 17 │ 18 │ 19 │ 1A │ 1B │ 1C │ │ 11 │ 12 │ 13 │ 14 │ 15 │ 16 │ 17 │ │ 14 │ 15 │ 16 │ 17 │ 18 │ 19 │ 1A │
├────┼────┼────┼────┼────┼────┼────┤ ├────┼────┼────┼────┼────┼────┼────┤ ├────┼────┼────┼────┼────┼────┼────┤
│ 1D │ 1E │ 1F │ 20 │ 21 │ 22 │ 23 │ │ 18 │ 19 │ 1A │ 1B │ 1C │ 1D │ 1E │ │ 1B │ 1C │ 1D │ 1E │ 1F │ 20 │ 21 │
├────┼────┼────┼────┼────┼────┼────┤ ├────┼────┼────┼────┼────┼────┼────┤ ├────┼────┼────┼────┼────┼────┼────┤
│ 24 │ 25 │ 26 │ 27 │ 28 │    │    │ │ 1F │ 20 │ 21 │ 22 │ 23 │ 24 │ 25 │ │ 22 │ 23 │ 24 │ 25 │ 26 │ 27 │ 28 │
├────┼────┼────┼────┼────┼────┼────┤ ├────┼────┼────┼────┼────┼────┼────┤ ├────┼────┼────┼────┼────┼────┼────┤
│    │    │    │    │    │    │    │ │ 26 │ 27 │    │    │    │    │    │ │ 29 │    │    │    │    │    │    │
└────┴────┴────┴────┴────┴────┴────┘ └────┴────┴────┴────┴────┴────┴────┘ └────┴────┴────┴────┴────┴────┴────┘
Sem                                  Sca                                  Ims                                 
┌────┬────┬────┬────┬────┬────┬────┐ ┌────┬────┬────┬────┬────┬────┬────┐ ┌────┬────┬────┬────┬────┬────┬────┐
│ Sun│ Mon│Tues│ Wed│Thur│ Fri│ Sat│ │ Sun│ Mon│Tues│ Wed│Thur│ Fri│ Sat│ │ Sun│ Mon│Tues│ Wed│Thur│ Fri│ Sat│
├────┼────┼────┼────┼────┼────┼────┤ ├────┼────┼────┼────┼────┼────┼────┤ ├────┼────┼────┼────┼────┼────┼────┤
│    │ 01 │ 02 │ 03 │ 04 │ 05 │ 06 │ │    │    │    │    │    │    │ 01 │ │    │    │    │ 01 │ 02 │ 03 │ 04 │
├────┼────┼────┼────┼────┼────┼────┤ ├────┼────┼────┼────┼────┼────┼────┤ ├────┼────┼────┼────┼────┼────┼────┤
│ 07 │ 08 │ 09 │ 0A │ 0B │ 0C │ 0D │ │ 02 │ 03 │ 04 │ 05 │ 06 │ 07 │ 08 │ │ 05 │ 06 │ 07 │ 08 │ 09 │ 0A │ 0B │
├────┼────┼────┼────┼────┼────┼────┤ ├────┼────┼────┼────┼────┼────┼────┤ ├────┼────┼────┼────┼────┼────┼────┤
│ 0E │ 0F │ 10 │ 11 │ 12 │ 13 │ 14 │ │ 09 │ 0A │ 0B │ 0C │ 0D │ 0E │ 0F │ │ 0C │ 0D │ 0E │ 0F │ 10 │ 11 │ 12 │
├────┼────┼────┼────┼────┼────┼────┤ ├────┼────┼────┼────┼────┼────┼────┤ ├────┼────┼────┼────┼────┼────┼────┤
│ 15 │ 16 │ 17 │ 18 │ 19 │ 1A │ 1B │ │ 10 │ 11 │ 12 │ 13 │ 14 │ 15 │ 16 │ │ 13 │ 14 │ 15 │ 16 │ 17 │ 18 │ 19 │
├────┼────┼────┼────┼────┼────┼────┤ ├────┼────┼────┼────┼────┼────┼────┤ ├────┼────┼────┼────┼────┼────┼────┤
│ 1C │ 1D │ 1E │ 1F │ 20 │ 21 │ 22 │ │ 17 │ 18 │ 19 │ 1A │ 1B │ 1C │ 1D │ │ 1A │ 1B │ 1C │ 1D │ 1E │ 1F │ 20 │
├────┼────┼────┼────┼────┼────┼────┤ ├────┼────┼────┼────┼────┼────┼────┤ ├────┼────┼────┼────┼────┼────┼────┤
│ 23 │ 24 │ 25 │ 26 │ 27 │ 28 │    │ │ 1E │ 1F │ 20 │ 21 │ 22 │ 23 │ 24 │ │ 21 │ 22 │ 23 │ 24 │ 25 │ 26 │ 27 │
├────┼────┼────┼────┼────┼────┼────┤ ├────┼────┼────┼────┼────┼────┼────┤ ├────┼────┼────┼────┼────┼────┼────┤
│    │    │    │    │    │    │    │ │ 25 │ 26 │ 27 │    │    │    │    │ │ 28 │ 29 │    │    │    │    │    │
└────┴────┴────┴────┴────┴────┴────┘ └────┴────┴────┴────┴────┴────┴────┘ └────┴────┴────┴────┴────┴────┴────┘
Ihuman                               Siais                                Ih                                  
┌────┬────┬────┬────┬────┬────┬────┐ ┌────┬────┬────┬────┬────┬────┬────┐ ┌────┬────┬────┬────┬────┬────┬────┐
│ Sun│ Mon│Tues│ Wed│Thur│ Fri│ Sat│ │ Sun│ Mon│Tues│ Wed│Thur│ Fri│ Sat│ │ Sun│ Mon│Tues│ Wed│Thur│ Fri│ Sat│
├────┼────┼────┼────┼────┼────┼────┤ ├────┼────┼────┼────┼────┼────┼────┤ ├────┼────┼────┼────┼────┼────┼────┤
│    │    │ 01 │ 02 │ 03 │ 04 │ 05 │ │ 01 │ 02 │ 03 │ 04 │ 05 │ 06 │ 07 │ │    │    │    │    │ 01 │ 02 │ 03 │
├────┼────┼────┼────┼────┼────┼────┤ ├────┼────┼────┼────┼────┼────┼────┤ ├────┼────┼────┼────┼────┼────┼────┤
│ 06 │ 07 │ 08 │ 09 │ 0A │ 0B │ 0C │ │ 08 │ 09 │ 0A │ 0B │ 0C │ 0D │ 0E │ │ 04 │ 05 │ 06 │ 07 │ 08 │ 09 │ 0A │
├────┼────┼────┼────┼────┼────┼────┤ ├────┼────┼────┼────┼────┼────┼────┤ ├────┼────┼────┼────┼────┼────┼────┤
│ 0D │ 0E │ 0F │ 10 │ 11 │ 12 │ 13 │ │ 0F │ 10 │ 11 │ 12 │ 13 │ 14 │ 15 │ │ 0B │ 0C │ 0D │ 0E │ 0F │ 10 │ 11 │
├────┼────┼────┼────┼────┼────┼────┤ ├────┼────┼────┼────┼────┼────┼────┤ ├────┼────┼────┼────┼────┼────┼────┤
│ 14 │ 15 │ 16 │ 17 │ 18 │ 19 │ 1A │ │ 16 │ 17 │ 18 │ 19 │ 1A │ 1B │ 1C │ │ 12 │ 13 │ 14 │ 15 │ 16 │ 17 │ 18 │
├────┼────┼────┼────┼────┼────┼────┤ ├────┼────┼────┼────┼────┼────┼────┤ ├────┼────┼────┼────┼────┼────┼────┤
│ 1B │ 1C │ 1D │ 1E │ 1F │ 20 │ 21 │ │ 1D │ 1E │ 1F │ 20 │ 21 │ 22 │ 23 │ │ 19 │ 1A │ 1B │ 1C │ 1D │ 1E │ 1F │
├────┼────┼────┼────┼────┼────┼────┤ ├────┼────┼────┼────┼────┼────┼────┤ ├────┼────┼────┼────┼────┼────┼────┤
│ 22 │ 23 │ 24 │ 25 │ 26 │ 27 │ 28 │ │ 24 │ 25 │ 26 │ 27 │    │    │    │ │ 20 │ 21 │ 22 │ 23 │ 24 │ 25 │ 26 │
├────┼────┼────┼────┼────┼────┼────┤ ├────┼────┼────┼────┼────┼────┼────┤ ├────┼────┼────┼────┼────┼────┼────┤
│    │    │    │    │    │    │    │ │    │    │    │    │    │    │    │ │ 27 │ 28 │ 29 │    │    │    │    │
└────┴────┴────┴────┴────┴────┴────┘ └────┴────┴────┴────┴────┴────┴────┘ └────┴────┴────┴────┴────┴────┴────┘
Jan                                  Feb                                  Mar                                 
┌────┬────┬────┬────┬────┬────┬────┐ ┌────┬────┬────┬────┬────┬────┬────┐ ┌────┬────┬────┬────┬────┬────┬────┐
│ Sun│ Mon│Tues│ Wed│Thur│ Fri│ Sat│ │ Sun│ Mon│Tues│ Wed│Thur│ Fri│ Sat│ │ Sun│ Mon│Tues│ Wed│Thur│ Fri│ Sat│
├────┼────┼────┼────┼────┼────┼────┤ ├────┼────┼────┼────┼────┼────┼────┤ ├────┼────┼────┼────┼────┼────┼────┤
│    │    │    │    │    │    │ 01 │ │    │    │ 01 │ 02 │ 03 │ 04 │ 05 │ │    │    │    │ 01 │ 02 │ 03 │ 04 │
├────┼────┼────┼────┼────┼────┼────┤ ├────┼────┼────┼────┼────┼────┼────┤ ├────┼────┼────┼────┼────┼────┼────┤
│ 02 │ 03 │ 04 │ 05 │ 06 │ 07 │ 08 │ │ 06 │ 07 │ 08 │ 09 │ 10 │ 11 │ 12 │ │ 05 │ 06 │ 07 │ 08 │ 09 │ 10 │ 11 │
├────┼────┼────┼────┼────┼────┼────┤ ├────┼────┼────┼────┼────┼────┼────┤ ├────┼────┼────┼────┼────┼────┼────┤
│ 09 │ 10 │ 11 │ 12 │ 13 │ 14 │ 15 │ │ 13 │ 14 │ 15 │ 16 │ 17 │ 18 │ 19 │ │ 12 │ 13 │ 14 │ 15 │ 16 │ 17 │ 18 │
├────┼────┼────┼────┼────┼────┼────┤ ├────┼────┼────┼────┼────┼────┼────┤ ├────┼────┼────┼────┼────┼────┼────┤
│ 16 │ 17 │ 18 │ 19 │ 20 │ 21 │ 22 │ │ 20 │ 21 │ 22 │ 23 │ 24 │ 25 │ 26 │ │ 19 │ 20 │ 21 │ 22 │ 23 │ 24 │ 25 │
├────┼────┼────┼────┼────┼────┼────┤ ├────┼────┼────┼────┼────┼────┼────┤ ├────┼────┼────┼────┼────┼────┼────┤
│ 23 │ 24 │ 25 │ 26 │ 27 │ 28 │ 29 │ │ 27 │ 28 │ 29 │    │    │    │    │ │ 26 │ 27 │ 28 │ 29 │ 30 │ 31 │    │
├────┼────┼────┼────┼────┼────┼────┤ ├────┼────┼────┼────┼────┼────┼────┤ ├────┼────┼────┼────┼────┼────┼────┤
│ 30 │ 31 │    │    │    │    │    │ │    │    │    │    │    │    │    │ │    │    │    │    │    │    │    │
└────┴────┴────┴────┴────┴────┴────┘ └────┴────┴────┴────┴────┴────┴────┘ └────┴────┴────┴────┴────┴────┴────┘
Apr                                  May                                  Jun                                 
┌────┬────┬────┬────┬────┬────┬────┐ ┌────┬────┬────┬────┬────┬────┬────┐ ┌────┬────┬────┬────┬────┬────┬────┐
│ Sun│ Mon│Tues│ Wed│Thur│ Fri│ Sat│ │ Sun│ Mon│Tues│ Wed│Thur│ Fri│ Sat│ │ Sun│ Mon│Tues│ Wed│Thur│ Fri│ Sat│
├────┼────┼────┼────┼────┼────┼────┤ ├────┼────┼────┼────┼────┼────┼────┤ ├────┼────┼────┼────┼────┼────┼────┤
│    │    │    │    │    │    │ 01 │ │    │ 01 │ 02 │ 03 │ 04 │ 05 │ 06 │ │    │    │    │    │ 01 │ 02 │ 03 │
├────┼────┼────┼────┼────┼────┼────┤ ├────┼────┼────┼────┼────┼────┼────┤ ├────┼────┼────┼────┼────┼────┼────┤
│ 02 │ 03 │ 04 │ 05 │ 06 │ 07 │ 08 │ │ 07 │ 08 │ 09 │ 10 │ 11 │ 12 │ 13 │ │ 04 │ 05 │ 06 │ 07 │ 08 │ 09 │ 10 │
├────┼────┼────┼────┼────┼────┼────┤ ├────┼────┼────┼────┼────┼────┼────┤ ├────┼────┼────┼────┼────┼────┼────┤
│ 09 │ 10 │ 11 │ 12 │ 13 │ 14 │ 15 │ │ 14 │ 15 │ 16 │ 17 │ 18 │ 19 │ 20 │ │ 11 │ 12 │ 13 │ 14 │ 15 │ 16 │ 17 │
├────┼────┼────┼────┼────┼────┼────┤ ├────┼────┼────┼────┼────┼────┼────┤ ├────┼────┼────┼────┼────┼────┼────┤
│ 16 │ 17 │ 18 │ 19 │ 20 │ 21 │ 22 │ │ 21 │ 22 │ 23 │ 24 │ 25 │ 26 │ 27 │ │ 18 │ 19 │ 20 │ 21 │ 22 │ 23 │ 24 │
├────┼────┼────┼────┼────┼────┼────┤ ├────┼────┼────┼────┼────┼────┼────┤ ├────┼────┼────┼────┼────┼────┼────┤
│ 23 │ 24 │ 25 │ 26 │ 27 │ 28 │ 29 │ │ 28 │ 29 │ 30 │ 31 │    │    │    │ │ 25 │ 26 │ 27 │ 28 │ 29 │ 30 │    │
├────┼────┼────┼────┼────┼────┼────┤ ├────┼────┼────┼────┼────┼────┼────┤ ├────┼────┼────┼────┼────┼────┼────┤
│ 30 │    │    │    │    │    │    │ │    │    │    │    │    │    │    │ │    │    │    │    │    │    │    │
└────┴────┴────┴────┴────┴────┴────┘ └────┴────┴────┴────┴────┴────┴────┘ └────┴────┴────┴────┴────┴────┴────┘
Jul                                  Aug                                  Sep                                 
┌────┬────┬────┬────┬────┬────┬────┐ ┌────┬────┬────┬────┬────┬────┬────┐ ┌────┬────┬────┬────┬────┬────┬────┐
│ Sun│ Mon│Tues│ Wed│Thur│ Fri│ Sat│ │ Sun│ Mon│Tues│ Wed│Thur│ Fri│ Sat│ │ Sun│ Mon│Tues│ Wed│Thur│ Fri│ Sat│
├────┼────┼────┼────┼────┼────┼────┤ ├────┼────┼────┼────┼────┼────┼────┤ ├────┼────┼────┼────┼────┼────┼────┤
│    │    │    │    │    │    │ 01 │ │    │    │ 01 │ 02 │ 03 │ 04 │ 05 │ │    │    │    │    │    │ 01 │ 02 │
├────┼────┼────┼────┼────┼────┼────┤ ├────┼────┼────┼────┼────┼────┼────┤ ├────┼────┼────┼────┼────┼────┼────┤
│ 02 │ 03 │ 04 │ 05 │ 06 │ 07 │ 08 │ │ 06 │ 07 │ 08 │ 09 │ 10 │ 11 │ 12 │ │ 03 │ 04 │ 05 │ 06 │ 07 │ 08 │ 09 │
├────┼────┼────┼────┼────┼────┼────┤ ├────┼────┼────┼────┼────┼────┼────┤ ├────┼────┼────┼────┼────┼────┼────┤
│ 09 │ 10 │ 11 │ 12 │ 13 │ 14 │ 15 │ │ 13 │ 14 │ 15 │ 16 │ 17 │ 18 │ 19 │ │ 10 │ 11 │ 12 │ 13 │ 14 │ 15 │ 16 │
├────┼────┼────┼────┼────┼────┼────┤ ├────┼────┼────┼────┼────┼────┼────┤ ├────┼────┼────┼────┼────┼────┼────┤
│ 16 │ 17 │ 18 │ 19 │ 20 │ 21 │ 22 │ │ 20 │ 21 │ 22 │ 23 │ 24 │ 25 │ 26 │ │ 17 │ 18 │ 19 │ 20 │ 21 │ 22 │ 23 │
├────┼────┼────┼────┼────┼────┼────┤ ├────┼────┼────┼────┼────┼────┼────┤ ├────┼────┼────┼────┼────┼────┼────┤
│ 23 │ 24 │ 25 │ 26 │ 27 │ 28 │ 29 │ │ 27 │ 28 │ 29 │ 30 │ 31 │    │    │ │ 24 │ 25 │ 26 │ 27 │ 28 │ 29 │ 30 │
├────┼────┼────┼────┼────┼────┼────┤ ├────┼────┼────┼────┼────┼────┼────┤ ├────┼────┼────┼────┼────┼────┼────┤
│ 30 │ 31 │    │    │    │    │    │ │    │    │    │    │    │    │    │ │    │    │    │    │    │    │    │
└────┴────┴────┴────┴────┴────┴────┘ └────┴────┴────┴────┴────┴────┴────┘ └────┴────┴────┴────┴────┴────┴────┘
Oct                                  Nov                                  Dec                                 
┌────┬────┬────┬────┬────┬────┬────┐ ┌────┬────┬────┬────┬────┬────┬────┐ ┌────┬────┬────┬────┬────┬────┬────┐
│ Sun│ Mon│Tues│ Wed│Thur│ Fri│ Sat│ │ Sun│ Mon│Tues│ Wed│Thur│ Fri│ Sat│ │ Sun│ Mon│Tues│ Wed│Thur│ Fri│ Sat│
├────┼────┼────┼────┼────┼────┼────┤ ├────┼────┼────┼────┼────┼────┼────┤ ├────┼────┼────┼────┼────┼────┼────┤
│ 01 │ 02 │ 03 │ 04 │ 05 │ 06 │ 07 │ │    │    │    │ 01 │ 02 │ 03 │ 04 │ │    │    │    │    │    │ 01 │ 02 │
├────┼────┼────┼────┼────┼────┼────┤ ├────┼────┼────┼────┼────┼────┼────┤ ├────┼────┼────┼────┼────┼────┼────┤
│ 08 │ 09 │ 10 │ 11 │ 12 │ 13 │ 14 │ │ 05 │ 06 │ 07 │ 08 │ 09 │ 10 │ 11 │ │ 03 │ 04 │ 05 │ 06 │ 07 │ 08 │ 09 │
├────┼────┼────┼────┼────┼────┼────┤ ├────┼────┼────┼────┼────┼────┼────┤ ├────┼────┼────┼────┼────┼────┼────┤
│ 15 │ 16 │ 17 │ 18 │ 19 │ 20 │ 21 │ │ 12 │ 13 │ 14 │ 15 │ 16 │ 17 │ 18 │ │ 10 │ 11 │ 12 │ 13 │ 14 │ 15 │ 16 │
├────┼────┼────┼────┼────┼────┼────┤ ├────┼────┼────┼────┼────┼────┼────┤ ├────┼────┼────┼────┼────┼────┼────┤
│ 22 │ 23 │ 24 │ 25 │ 26 │ 27 │ 28 │ │ 19 │ 20 │ 21 │ 22 │ 23 │ 24 │ 25 │ │ 17 │ 18 │ 19 │ 20 │ 21 │ 22 │ 23 │
├────┼────┼────┼────┼────┼────┼────┤ ├────┼────┼────┼────┼────┼────┼────┤ ├────┼────┼────┼────┼────┼────┼────┤
│ 29 │ 30 │ 31 │    │    │    │    │ │ 26 │ 27 │ 28 │ 29 │ 30 │    │    │ │ 24 │ 25 │ 26 │ 27 │ 28 │ 29 │ 30 │
├────┼────┼────┼────┼────┼────┼────┤ ├────┼────┼────┼────┼────┼────┼────┤ ├────┼────┼────┼────┼────┼────┼────┤
│    │    │    │    │    │    │    │ │    │    │    │    │    │    │    │ │ 31 │    │    │    │    │    │    │
└────┴────┴────┴────┴────┴────┴────┘ └────┴────┴────┴────┴────┴────┴────┘ └────┴────┴────┴────┴────┴────┴────┘
