20229 Dec 15
205528 Ims 39
205580 Sep 23
Ims                                 
┌────┬────┬────┬────┬────┬────┬────┐
│ Sun│ Mon│Tues│ Wed│Thur│ Fri│ Sat│
├────┼────┼────┼────┼────┼────┼────┤
│    │    │    │    │ 01 │ 02 │ 03 │
├────┼────┼────┼────┼────┼────┼────┤
│ 04 │ 05 │ 06 │ 07 │ 08 │ 09 │ 0A │
├────┼────┼────┼────┼────┼────┼────┤
│ 0B │ 0C │ 0D │ 0E │ 0F │ 10 │ 11 │
├────┼────┼────┼────┼────┼────┼────┤
│ 12 │ 13 │ 14 │ 15 │ 16 │ 17 │ 18 │
├────┼────┼────┼────┼────┼────┼────┤
│ 19 │ 1A │ 1B │ 1C │ 1D │ 1E │ 1F │
├────┼────┼────┼────┼────┼────┼────┤
│ 20 │ 21 │ 22 │ 23 │ 24 │ 25 │ 26 │
├────┼────┼────┼────┼────┼────┼────┤
│ 27 │ 28 │    │    │    │    │    │
└────┴────┴────┴────┴────┴────┴────┘
Sep                                 
┌────┬────┬────┬────┬────┬────┬────┐
│ Sun│ Mon│Tues│ Wed│Thur│ Fri│ Sat│
├────┼────┼────┼────┼────┼────┼────┤
│    │    │    │    │    │    │ 01 │
├────┼────┼────┼────┼────┼────┼────┤
│ 02 │ 03 │ 04 │ 05 │ 06 │ 07 │ 08 │
├────┼────┼────┼────┼────┼────┼────┤
│ 09 │ 10 │ 11 │ 12 │ 13 │ 14 │ 15 │
├────┼────┼────┼────┼────┼────┼────┤
│ 16 │ 17 │ 18 │ 19 │ 20 │ 21 │ 22 │
├────┼────┼────┼────┼────┼────┼────┤
│ 23 │ 24 │ 25 │ 26 │ 27 │ 28 │ 29 │
├────┼────┼────┼────┼────┼────┼────┤
│ 30 │    │    │    │    │    │    │
└────┴────┴────┴────┴────┴────┴────┘
Sist                                 Spst                                 Slst                                
┌────┬────┬────┬────┬────┬────┬────┐ ┌────┬────┬────┬────┬────┬────┬────┐ ┌────┬────┬────┬────┬────┬────┬────┐
│ Sun│ Mon│Tues│ Wed│Thur│ Fri│ Sat│ │ Sun│ Mon│Tues│ Wed│Thur│ Fri│ Sat│ │ Sun│ Mon│Tues│ Wed│Thur│ Fri│ Sat│
├────┼────┼────┼────┼────┼────┼────┤ ├────┼────┼────┼────┼────┼────┼────┤ ├────┼────┼────┼────┼────┼────┼────┤
│ 01 │ 02 │ 03 │ 04 │ 05 │ 06 │ 07 │ │    │    │    │    │ 01 │ 02 │ 03 │ │    │    │    │ 01 │ 02 │ 03 │ 04 │
├────┼────┼────┼────┼────┼────┼────┤ ├────┼────┼────┼────┼────┼────┼────┤ ├────┼────┼────┼────┼────┼────┼────┤
│ 08 │ 09 │ 0A │ 0B │ 0C │ 0D │ 0E │ │ 04 │ 05 │ 06 │ 07 │ 08 │ 09 │ 0A │ │ 05 │ 06 │ 07 │ 08 │ 09 │ 0A │ 0B │
├────┼────┼────┼────┼────┼────┼────┤ ├────┼────┼────┼────┼────┼────┼────┤ ├────┼────┼────┼────┼────┼────┼────┤
│ 0F │ 10 │ 11 │ 12 │ 13 │ 14 │ 15 │ │ 0B │ 0C │ 0D │ 0E │ 0F │ 10 │ 11 │ │ 0C │ 0D │ 0E │ 0F │ 10 │ 11 │ 12 │
├────┼────┼────┼────┼────┼────┼────┤ ├────┼────┼────┼────┼────┼────┼────┤ ├────┼────┼────┼────┼────┼────┼────┤
│ 16 │ 17 │ 18 │ 19 │ 1A │ 1B │ 1C │ │ 12 │ 13 │ 14 │ 15 │ 16 │ 17 │ 18 │ │ 13 │ 14 │ 15 │ 16 │ 17 │ 18 │ 19 │
├────┼────┼────┼────┼────┼────┼────┤ ├────┼────┼────┼────┼────┼────┼────┤ ├────┼────┼────┼────┼────┼────┼────┤
│ 1D │ 1E │ 1F │ 20 │ 21 │ 22 │ 23 │ │ 19 │ 1A │ 1B │ 1C │ 1D │ 1E │ 1F │ │ 1A │ 1B │ 1C │ 1D │ 1E │ 1F │ 20 │
├────┼────┼────┼────┼────┼────┼────┤ ├────┼────┼────┼────┼────┼────┼────┤ ├────┼────┼────┼────┼────┼────┼────┤
│ 24 │ 25 │ 26 │ 27 │    │    │    │ │ 20 │ 21 │ 22 │ 23 │ 24 │ 25 │ 26 │ │ 21 │ 22 │ 23 │ 24 │ 25 │ 26 │ 27 │
├────┼────┼────┼────┼────┼────┼────┤ ├────┼────┼────┼────┼────┼────┼────┤ ├────┼────┼────┼────┼────┼────┼────┤
│    │    │    │    │    │    │    │ │ 27 │ 28 │ 29 │    │    │    │    │ │ 28 │    │    │    │    │    │    │
└────┴────┴────┴────┴────┴────┴────┘ └────┴────┴────┴────┴────┴────┴────┘ └────┴────┴────┴────┴────┴────┴────┘
Sem                                  Sca                                  Ims                                 
┌────┬────┬────┬────┬────┬────┬────┐ ┌────┬────┬────┬────┬────┬────┬────┐ ┌────┬────┬────┬────┬────┬────┬────┐
│ Sun│ Mon│Tues│ Wed│Thur│ Fri│ Sat│ │ Sun│ Mon│Tues│ Wed│Thur│ Fri│ Sat│ │ Sun│ Mon│Tues│ Wed│Thur│ Fri│ Sat│
├────┼────┼────┼────┼────┼────┼────┤ ├────┼────┼────┼────┼────┼────┼────┤ ├────┼────┼────┼────┼────┼────┼────┤
│    │ 01 │ 02 │ 03 │ 04 │ 05 │ 06 │ │    │    │    │    │    │ 01 │ 02 │ │    │    │    │    │ 01 │ 02 │ 03 │
├────┼────┼────┼────┼────┼────┼────┤ ├────┼────┼────┼────┼────┼────┼────┤ ├────┼────┼────┼────┼────┼────┼────┤
│ 07 │ 08 │ 09 │ 0A │ 0B │ 0C │ 0D │ │ 03 │ 04 │ 05 │ 06 │ 07 │ 08 │ 09 │ │ 04 │ 05 │ 06 │ 07 │ 08 │ 09 │ 0A │
├────┼────┼────┼────┼────┼────┼────┤ ├────┼────┼────┼────┼────┼────┼────┤ ├────┼────┼────┼────┼────┼────┼────┤
│ 0E │ 0F │ 10 │ 11 │ 12 │ 13 │ 14 │ │ 0A │ 0B │ 0C │ 0D │ 0E │ 0F │ 10 │ │ 0B │ 0C │ 0D │ 0E │ 0F │ 10 │ 11 │
├────┼────┼────┼────┼────┼────┼────┤ ├────┼────┼────┼────┼────┼────┼────┤ ├────┼────┼────┼────┼────┼────┼────┤
│ 15 │ 16 │ 17 │ 18 │ 19 │ 1A │ 1B │ │ 11 │ 12 │ 13 │ 14 │ 15 │ 16 │ 17 │ │ 12 │ 13 │ 14 │ 15 │ 16 │ 17 │ 18 │
├────┼────┼────┼────┼────┼────┼────┤ ├────┼────┼────┼────┼────┼────┼────┤ ├────┼────┼────┼────┼────┼────┼────┤
│ 1C │ 1D │ 1E │ 1F │ 20 │ 21 │ 22 │ │ 18 │ 19 │ 1A │ 1B │ 1C │ 1D │ 1E │ │ 19 │ 1A │ 1B │ 1C │ 1D │ 1E │ 1F │
├────┼────┼────┼────┼────┼────┼────┤ ├────┼────┼────┼────┼────┼────┼────┤ ├────┼────┼────┼────┼────┼────┼────┤
│ 23 │ 24 │ 25 │ 26 │ 27 │    │    │ │ 1F │ 20 │ 21 │ 22 │ 23 │ 24 │ 25 │ │ 20 │ 21 │ 22 │ 23 │ 24 │ 25 │ 26 │
├────┼────┼────┼────┼────┼────┼────┤ ├────┼────┼────┼────┼────┼────┼────┤ ├────┼────┼────┼────┼────┼────┼────┤
│    │    │    │    │    │    │    │ │ 26 │ 27 │ 28 │ 29 │    │    │    │ │ 27 │ 28 │    │    │    │    │    │
└────┴────┴────┴────┴────┴────┴────┘ └────┴────┴────┴────┴────┴────┴────┘ └────┴────┴────┴────┴────┴────┴────┘
IMS                                  Ihuman                               Siais                               
┌────┬────┬────┬────┬────┬────┬────┐ ┌────┬────┬────┬────┬────┬────┬────┐ ┌────┬────┬────┬────┬────┬────┬────┐
│ Sun│ Mon│Tues│ Wed│Thur│ Fri│ Sat│ │ Sun│ Mon│Tues│ Wed│Thur│ Fri│ Sat│ │ Sun│ Mon│Tues│ Wed│Thur│ Fri│ Sat│
├────┼────┼────┼────┼────┼────┼────┤ ├────┼────┼────┼────┼────┼────┼────┤ ├────┼────┼────┼────┼────┼────┼────┤
│    │    │ 01 │ 02 │ 03 │ 04 │ 05 │ │ 01 │ 02 │ 03 │ 04 │ 05 │ 06 │ 07 │ │    │    │    │    │ 01 │ 02 │ 03 │
├────┼────┼────┼────┼────┼────┼────┤ ├────┼────┼────┼────┼────┼────┼────┤ ├────┼────┼────┼────┼────┼────┼────┤
│ 06 │ 07 │ 08 │ 09 │ 0A │ 0B │ 0C │ │ 08 │ 09 │ 0A │ 0B │ 0C │ 0D │ 0E │ │ 04 │ 05 │ 06 │ 07 │ 08 │ 09 │ 0A │
├────┼────┼────┼────┼────┼────┼────┤ ├────┼────┼────┼────┼────┼────┼────┤ ├────┼────┼────┼────┼────┼────┼────┤
│ 0D │ 0E │ 0F │ 10 │ 11 │ 12 │ 13 │ │ 0F │ 10 │ 11 │ 12 │ 13 │ 14 │ 15 │ │ 0B │ 0C │ 0D │ 0E │ 0F │ 10 │ 11 │
├────┼────┼────┼────┼────┼────┼────┤ ├────┼────┼────┼────┼────┼────┼────┤ ├────┼────┼────┼────┼────┼────┼────┤
│ 14 │ 15 │ 16 │ 17 │ 18 │ 19 │ 1A │ │ 16 │ 17 │ 18 │ 19 │ 1A │ 1B │ 1C │ │ 12 │ 13 │ 14 │ 15 │ 16 │ 17 │ 18 │
├────┼────┼────┼────┼────┼────┼────┤ ├────┼────┼────┼────┼────┼────┼────┤ ├────┼────┼────┼────┼────┼────┼────┤
│ 1B │ 1C │ 1D │ 1E │ 1F │ 20 │ 21 │ │ 1D │ 1E │ 1F │ 20 │ 21 │ 22 │ 23 │ │ 19 │ 1A │ 1B │ 1C │ 1D │ 1E │ 1F │
├────┼────┼────┼────┼────┼────┼────┤ ├────┼────┼────┼────┼────┼────┼────┤ ├────┼────┼────┼────┼────┼────┼────┤
│ 22 │ 23 │ 24 │ 25 │ 26 │ 27 │ 28 │ │ 24 │ 25 │ 26 │ 27 │    │    │    │ │ 20 │ 21 │ 22 │ 23 │ 24 │ 25 │ 26 │
├────┼────┼────┼────┼────┼────┼────┤ ├────┼────┼────┼────┼────┼────┼────┤ ├────┼────┼────┼────┼────┼────┼────┤
│    │    │    │    │    │    │    │ │    │    │    │    │    │    │    │ │ 27 │ 28 │ 29 │    │    │    │    │
└────┴────┴────┴────┴────┴────┴────┘ └────┴────┴────┴────┴────┴────┴────┘ └────┴────┴────┴────┴────┴────┴────┘
Ih                                  
┌────┬────┬────┬────┬────┬────┬────┐
│ Sun│ Mon│Tues│ Wed│Thur│ Fri│ Sat│
├────┼────┼────┼────┼────┼────┼────┤
│    │    │    │ 01 │ 02 │ 03 │ 04 │
├────┼────┼────┼────┼────┼────┼────┤
│ 05 │ 06 │ 07 │ 08 │ 09 │ 0A │ 0B │
├────┼────┼────┼────┼────┼────┼────┤
│ 0C │ 0D │ 0E │ 0F │ 10 │ 11 │ 12 │
├────┼────┼────┼────┼────┼────┼────┤
│ 13 │ 14 │ 15 │ 16 │ 17 │ 18 │ 19 │
├────┼────┼────┼────┼────┼────┼────┤
│ 1A │ 1B │ 1C │ 1D │ 1E │ 1F │ 20 │
├────┼────┼────┼────┼────┼────┼────┤
│ 21 │ 22 │ 23 │ 24 │ 25 │ 26 │ 27 │
├────┼────┼────┼────┼────┼────┼────┤
│ 28 │    │    │    │    │    │    │
└────┴────┴────┴────┴────┴────┴────┘
Jan                                  Feb                                  Mar                                 
┌────┬────┬────┬────┬────┬────┬────┐ ┌────┬────┬────┬────┬────┬────┬────┐ ┌────┬────┬────┬────┬────┬────┬────┐
│ Sun│ Mon│Tues│ Wed│Thur│ Fri│ Sat│ │ Sun│ Mon│Tues│ Wed│Thur│ Fri│ Sat│ │ Sun│ Mon│Tues│ Wed│Thur│ Fri│ Sat│
├────┼────┼────┼────┼────┼────┼────┤ ├────┼────┼────┼────┼────┼────┼────┤ ├────┼────┼────┼────┼────┼────┼────┤
│ 01 │ 02 │ 03 │ 04 │ 05 │ 06 │ 07 │ │    │    │    │ 01 │ 02 │ 03 │ 04 │ │    │    │    │    │ 01 │ 02 │ 03 │
├────┼────┼────┼────┼────┼────┼────┤ ├────┼────┼────┼────┼────┼────┼────┤ ├────┼────┼────┼────┼────┼────┼────┤
│ 08 │ 09 │ 10 │ 11 │ 12 │ 13 │ 14 │ │ 05 │ 06 │ 07 │ 08 │ 09 │ 10 │ 11 │ │ 04 │ 05 │ 06 │ 07 │ 08 │ 09 │ 10 │
├────┼────┼────┼────┼────┼────┼────┤ ├────┼────┼────┼────┼────┼────┼────┤ ├────┼────┼────┼────┼────┼────┼────┤
│ 15 │ 16 │ 17 │ 18 │ 19 │ 20 │ 21 │ │ 12 │ 13 │ 14 │ 15 │ 16 │ 17 │ 18 │ │ 11 │ 12 │ 13 │ 14 │ 15 │ 16 │ 17 │
├────┼────┼────┼────┼────┼────┼────┤ ├────┼────┼────┼────┼────┼────┼────┤ ├────┼────┼────┼────┼────┼────┼────┤
│ 22 │ 23 │ 24 │ 25 │ 26 │ 27 │ 28 │ │ 19 │ 20 │ 21 │ 22 │ 23 │ 24 │ 25 │ │ 18 │ 19 │ 20 │ 21 │ 22 │ 23 │ 24 │
├────┼────┼────┼────┼────┼────┼────┤ ├────┼────┼────┼────┼────┼────┼────┤ ├────┼────┼────┼────┼────┼────┼────┤
│ 29 │ 30 │ 31 │    │    │    │    │ │ 26 │ 27 │ 28 │ 29 │    │    │    │ │ 25 │ 26 │ 27 │ 28 │ 29 │ 30 │ 31 │
├────┼────┼────┼────┼────┼────┼────┤ ├────┼────┼────┼────┼────┼────┼────┤ ├────┼────┼────┼────┼────┼────┼────┤
│    │    │    │    │    │    │    │ │    │    │    │    │    │    │    │ │    │    │    │    │    │    │    │
└────┴────┴────┴────┴────┴────┴────┘ └────┴────┴────┴────┴────┴────┴────┘ └────┴────┴────┴────┴────┴────┴────┘
Apr                                  May                                  Jun                                 
┌────┬────┬────┬────┬────┬────┬────┐ ┌────┬────┬────┬────┬────┬────┬────┐ ┌────┬────┬────┬────┬────┬────┬────┐
│ Sun│ Mon│Tues│ Wed│Thur│ Fri│ Sat│ │ Sun│ Mon│Tues│ Wed│Thur│ Fri│ Sat│ │ Sun│ Mon│Tues│ Wed│Thur│ Fri│ Sat│
├────┼────┼────┼────┼────┼────┼────┤ ├────┼────┼────┼────┼────┼────┼────┤ ├────┼────┼────┼────┼────┼────┼────┤
│ 01 │ 02 │ 03 │ 04 │ 05 │ 06 │ 07 │ │    │    │ 01 │ 02 │ 03 │ 04 │ 05 │ │    │    │    │    │    │ 01 │ 02 │
├────┼────┼────┼────┼────┼────┼────┤ ├────┼────┼────┼────┼────┼────┼────┤ ├────┼────┼────┼────┼────┼────┼────┤
│ 08 │ 09 │ 10 │ 11 │ 12 │ 13 │ 14 │ │ 06 │ 07 │ 08 │ 09 │ 10 │ 11 │ 12 │ │ 03 │ 04 │ 05 │ 06 │ 07 │ 08 │ 09 │
├────┼────┼────┼────┼────┼────┼────┤ ├────┼────┼────┼────┼────┼────┼────┤ ├────┼────┼────┼────┼────┼────┼────┤
│ 15 │ 16 │ 17 │ 18 │ 19 │ 20 │ 21 │ │ 13 │ 14 │ 15 │ 16 │ 17 │ 18 │ 19 │ │ 10 │ 11 │ 12 │ 13 │ 14 │ 15 │ 16 │
├────┼────┼────┼────┼────┼────┼────┤ ├────┼────┼────┼────┼────┼────┼────┤ ├────┼────┼────┼────┼────┼────┼────┤
│ 22 │ 23 │ 24 │ 25 │ 26 │ 27 │ 28 │ │ 20 │ 21 │ 22 │ 23 │ 24 │ 25 │ 26 │ │ 17 │ 18 │ 19 │ 20 │ 21 │ 22 │ 23 │
├────┼────┼────┼────┼────┼────┼────┤ ├────┼────┼────┼────┼────┼────┼────┤ ├────┼────┼────┼────┼────┼────┼────┤
│ 29 │ 30 │    │    │    │    │    │ │ 27 │ 28 │ 29 │ 30 │ 31 │    │    │ │ 24 │ 25 │ 26 │ 27 │ 28 │ 29 │ 30 │
├────┼────┼────┼────┼────┼────┼────┤ ├────┼────┼────┼────┼────┼────┼────┤ ├────┼────┼────┼────┼────┼────┼────┤
│    │    │    │    │    │    │    │ │    │    │    │    │    │    │    │ │    │    │    │    │    │    │    │
└────┴────┴────┴────┴────┴────┴────┘ └────┴────┴────┴────┴────┴────┴────┘ └────┴────┴────┴────┴────┴────┴────┘
Jul                                  Aug                                  Sep                                 
┌────┬────┬────┬────┬────┬────┬────┐ ┌────┬────┬────┬────┬────┬────┬────┐ ┌────┬────┬────┬────┬────┬────┬────┐
│ Sun│ Mon│Tues│ Wed│Thur│ Fri│ Sat│ │ Sun│ Mon│Tues│ Wed│Thur│ Fri│ Sat│ │ Sun│ Mon│Tues│ Wed│Thur│ Fri│ Sat│
├────┼────┼────┼────┼────┼────┼────┤ ├────┼────┼────┼────┼────┼────┼────┤ ├────┼────┼────┼────┼────┼────┼────┤
│ 01 │ 02 │ 03 │ 04 │ 05 │ 06 │ 07 │ │    │    │    │ 01 │ 02 │ 03 │ 04 │ │    │    │    │    │    │    │ 01 │
├────┼────┼────┼────┼────┼────┼────┤ ├────┼────┼────┼────┼────┼────┼────┤ ├────┼────┼────┼────┼────┼────┼────┤
│ 08 │ 09 │ 10 │ 11 │ 12 │ 13 │ 14 │ │ 05 │ 06 │ 07 │ 08 │ 09 │ 10 │ 11 │ │ 02 │ 03 │ 04 │ 05 │ 06 │ 07 │ 08 │
├────┼────┼────┼────┼────┼────┼────┤ ├────┼────┼────┼────┼────┼────┼────┤ ├────┼────┼────┼────┼────┼────┼────┤
│ 15 │ 16 │ 17 │ 18 │ 19 │ 20 │ 21 │ │ 12 │ 13 │ 14 │ 15 │ 16 │ 17 │ 18 │ │ 09 │ 10 │ 11 │ 12 │ 13 │ 14 │ 15 │
├────┼────┼────┼────┼────┼────┼────┤ ├────┼────┼────┼────┼────┼────┼────┤ ├────┼────┼────┼────┼────┼────┼────┤
│ 22 │ 23 │ 24 │ 25 │ 26 │ 27 │ 28 │ │ 19 │ 20 │ 21 │ 22 │ 23 │ 24 │ 25 │ │ 16 │ 17 │ 18 │ 19 │ 20 │ 21 │ 22 │
├────┼────┼────┼────┼────┼────┼────┤ ├────┼────┼────┼────┼────┼────┼────┤ ├────┼────┼────┼────┼────┼────┼────┤
│ 29 │ 30 │ 31 │    │    │    │    │ │ 26 │ 27 │ 28 │ 29 │ 30 │ 31 │    │ │ 23 │ 24 │ 25 │ 26 │ 27 │ 28 │ 29 │
├────┼────┼────┼────┼────┼────┼────┤ ├────┼────┼────┼────┼────┼────┼────┤ ├────┼────┼────┼────┼────┼────┼────┤
│    │    │    │    │    │    │    │ │    │    │    │    │    │    │    │ │ 30 │    │    │    │    │    │    │
└────┴────┴────┴────┴────┴────┴────┘ └────┴────┴────┴────┴────┴────┴────┘ └────┴────┴────┴────┴────┴────┴────┘
Oct                                  Nov                                  Dec                                 
┌────┬────┬────┬────┬────┬────┬────┐ ┌────┬────┬────┬────┬────┬────┬────┐ ┌────┬────┬────┬────┬────┬────┬────┐
│ Sun│ Mon│Tues│ Wed│Thur│ Fri│ Sat│ │ Sun│ Mon│Tues│ Wed│Thur│ Fri│ Sat│ │ Sun│ Mon│Tues│ Wed│Thur│ Fri│ Sat│
├────┼────┼────┼────┼────┼────┼────┤ ├────┼────┼────┼────┼────┼────┼────┤ ├────┼────┼────┼────┼────┼────┼────┤
│    │ 01 │ 02 │ 03 │ 04 │ 05 │ 06 │ │    │    │    │    │ 01 │ 02 │ 03 │ │    │    │    │    │    │    │ 01 │
├────┼────┼────┼────┼────┼────┼────┤ ├────┼────┼────┼────┼────┼────┼────┤ ├────┼────┼────┼────┼────┼────┼────┤
│ 07 │ 08 │ 09 │ 10 │ 11 │ 12 │ 13 │ │ 04 │ 05 │ 06 │ 07 │ 08 │ 09 │ 10 │ │ 02 │ 03 │ 04 │ 05 │ 06 │ 07 │ 08 │
├────┼────┼────┼────┼────┼────┼────┤ ├────┼────┼────┼────┼────┼────┼────┤ ├────┼────┼────┼────┼────┼────┼────┤
│ 14 │ 15 │ 16 │ 17 │ 18 │ 19 │ 20 │ │ 11 │ 12 │ 13 │ 14 │ 15 │ 16 │ 17 │ │ 09 │ 10 │ 11 │ 12 │ 13 │ 14 │ 15 │
├────┼────┼────┼────┼────┼────┼────┤ ├────┼────┼────┼────┼────┼────┼────┤ ├────┼────┼────┼────┼────┼────┼────┤
│ 21 │ 22 │ 23 │ 24 │ 25 │ 26 │ 27 │ │ 18 │ 19 │ 20 │ 21 │ 22 │ 23 │ 24 │ │ 16 │ 17 │ 18 │ 19 │ 20 │ 21 │ 22 │
├────┼────┼────┼────┼────┼────┼────┤ ├────┼────┼────┼────┼────┼────┼────┤ ├────┼────┼────┼────┼────┼────┼────┤
│ 28 │ 29 │ 30 │ 31 │    │    │    │ │ 25 │ 26 │ 27 │ 28 │ 29 │ 30 │    │ │ 23 │ 24 │ 25 │ 26 │ 27 │ 28 │ 29 │
├────┼────┼────┼────┼────┼────┼────┤ ├────┼────┼────┼────┼────┼────┼────┤ ├────┼────┼────┼────┼────┼────┼────┤
│    │    │    │    │    │    │    │ │    │    │    │    │    │    │    │ │ 30 │ 31 │    │    │    │    │    │
└────┴────┴────┴────┴────┴────┴────┘ └────┴────┴────┴────┴────┴────┴────┘ └────┴────┴────┴────┴────┴────┴────┘
