#name "all_else_true.cl.cool"
#1 ELSE
#2 TYPEID Else
#3 OBJECTID eLse
#4 OBJECTID elSe
#5 OBJECTID elsE
#6 TYPEID ELse
#7 TYPEID ElSe
#8 TYPEID ElsE
#9 OBJECTID eLSe
#10 OBJECTID eLsE
#11 OBJECTID elSE
#12 OBJECTID eLSE
#13 TYPEID ElSE
#14 TYPEID ELsE
#15 TYPEID ELSe
#16 TYPEID ELSE
#18 BOOL_CONST true
#19 BOOL_CONST true
#20 BOOL_CONST true
#21 BOOL_CONST true
#22 BOOL_CONST true
#23 BOOL_CONST true
#24 BOOL_CONST true
#25 BOOL_CONST true
#26 TYPEID True
#27 TYPEID TRue
#28 TYPEID TrUe
#29 TYPEID TruE
#30 TYPEID TRUe
#31 TYPEID TRuE
#32 TYPEID TrUE
#33 TYPEID TRUE
